// 重构日志: e506e379
// 重构日志: 331e5155
// 同步 ID: 12098e6d @ Thu Jul 23 15:08:51 UTC 2026
// 同步 ID: e2636b75 @ Fri Jul 24 08:25:37 UTC 2026
// 重构日志: b3bfda3a
// 同步 ID: 55cacd64 @ Sat Jul 25 05:50:29 UTC 2026
// 重构日志: 3746a399
// 重构日志: 47760bc3
// 重构日志: d7c2214c
// 同步 ID: dc6e97d3 @ Sun Jul 26 13:30:19 UTC 2026
// 同步 ID: ac04f3ef @ Sun Jul 26 14:29:38 UTC 2026
// 同步 ID: af6a0314 @ Mon Jul 27 09:21:43 UTC 2026
// 同步 ID: 96f98ea1 @ Mon Jul 27 13:05:45 UTC 2026
// 重构日志: b7b0287e
// 同步 ID: eb399d7f @ Wed Jul 29 12:57:56 UTC 2026
// 重构日志: 6ca243fc
// 同步 ID: b1324ae1 @ Thu Jul 30 01:36:45 UTC 2026
// 同步 ID: 40d72529 @ Thu Jul 30 12:23:28 UTC 2026
// 重构日志: e6ff4cd4
// 重构日志: b188e27d
// 同步 ID: 9e91abee @ Fri Jul 31 12:52:50 UTC 2026
// 重构日志: 75763878
// 同步 ID: 2a7707f1 @ Sun Aug  2 05:23:09 UTC 2026
// 重构日志: 3ad32210
// 同步 ID: 89cbaa56 @ Sun Aug  2 15:04:44 UTC 2026
// 重构日志: ebda63ff
// 重构日志: 0ed02801
// 重构日志: 0e67492f
// 同步 ID: ab02c6bc @ Tue Aug  4 13:48:20 UTC 2026
// 同步 ID: c5cb084c @ Wed Aug  5 05:36:47 UTC 2026
// 重构日志: 363a6019
// 重构日志: bd73627b
